SQL> set feedback on
SQL> set linesize 100
SQL> set pagesize 200
SQL> set serveroutput on
SQL> /* ===============================================================
SQL>  * Assignment 2a
SQL>  * Name: Shameem Ahamed
SQL>  * Student number: 7364283
SQL>  * Date: 13 May 2023
SQL>  * =============================================================*/
SQL> --
SQL> create or replace procedure HighestOrderValue(year IN NUMBER) is
  2  totalOrder      Orders.o_totalprice%type := 0;
  3  curCust	     CUSTOMER.c_custkey%type;
  4  curCName	     CUSTOMER.c_name%type;
  5  curCAddress     CUSTOMER.c_address%type;
  6  curCPhone	     CUSTOMER.c_phone%type;
  7  curOKey	     ORDERS.o_orderkey%type;
  8  curODate	     ORDERS.o_orderdate%type;
  9  curCNation      NATION.n_name%type;
 10  begin
 11  	     for currRow in(
 12  		     with TotalPrice as(
 13  			     select o_custkey, sum(o_totalprice) totalPrice
 14  			     from orders
 15  			     where extract (year from o_orderdate) = year
 16  			     group by o_custkey)
 17  			     select o_custkey, totalPrice
 18  			     from TotalPrice
 19  			     where totalPrice = (
 20  					     select max(totalPrice)
 21  					     from    TotalPrice)
 22  		     )
 23  	     loop
 24  		     totalOrder := currRow.totalPrice;
 25  		     curCust := currRow.o_custkey;
 26  		     select c_name, n_name, c_address, c_phone
 27  		     into curCName, curCNation, curCAddress, curCPhone
 28  		     from customer join nation
 29  			     on c_nationkey = n_nationkey
 30  		     where c_custkey = curCust;
 31  
 32  		     dbms_output.put_line ('Customer: ' || curCust||' - '||curCName);
 33  		     dbms_output.put_line (rpad('Nation',25) ||rpad('Address',40)||rpad('Phone',16)
 34  					     ||lpad('Total-Order-Value',18));
 35  		     dbms_output.put_line (rpad(curCNation,25) ||rpad(curCAddress,40) || rpad(curCPhone,16) ||
 36  					     lpad(trim(to_char(totalOrder,'$999G999G999D99')),14));
 37  		     dbms_output.put_line (chr(10));
 38  		     dbms_output.put_line (chr(9)||'Orders for year '||year);
 39  		     dbms_output.put_line (chr(9)||rpad('Order key',15)||rpad('Order date',20)||lpad('Order value',12));
 40  
 41  		     for neword in (
 42  			     select o_orderkey, o_orderdate,o_totalprice
 43  			     from orders
 44  			     where o_custkey = curCust
 45  			     and extract(year from orders.o_orderdate) = year)
 46  			     LOOP
 47  			     dbms_output.put_line (chr(9)||rpad(neword.o_orderkey,15) || rpad(neword.o_orderdate,20)||
 48  				     lpad(trim(to_char(neword.o_totalprice,'$999G999G999D99')),12));
 49  		     end loop;
 50  		     dbms_output.put_line(chr(9)||rpad('Total Order Value',25) || lpad(trim(to_char(totalOrder,'$999G999G999D99')),22));
 51  
 52  	     end loop;
 53  end;
 54  /

Procedure created.

SQL> execute highestordervalue(1992);
Customer: 23422 - Customer#000023422                                                                
Nation                   Address                                 Phone            Total-Order-Value 
JAPAN                    DCQJ2HWR2qEeMC QT                       22-122-728-6855  $1,858,460.24     

                                                                                                   
	Orders for year 1992                                                                               
	Order key      Order date           Order value                                                    
	30627          09-MAY-92            $125,931.37                                                    
	260387         20-MAR-92            $220,533.18                                                    
	763809         14-APR-92            $199,529.44                                                    
	923334         10-MAR-92             $85,086.26                                                    
	946531         16-AUG-92            $113,658.59                                                    
	1109026        06-SEP-92            $311,459.09                                                    
	1330242        25-NOV-92             $64,538.67                                                    
	1379875        14-DEC-92            $223,213.56                                                    
	1401476        06-NOV-92            $137,687.12                                                    
	1589191        03-NOV-92            $160,612.15                                                    
	1717445        13-NOV-92            $216,210.81                                                    
	Total Order Value                 $1,858,460.24                                                    

PL/SQL procedure successfully completed.

SQL> drop procedure highestordervalue;

Procedure dropped.

SQL> --
SQL> spool off;
